node.exe :  
[33m[1mΓÜá[22m[39m 
Compiled with warnings
At C:\Program 
Files\nodejs\npm.ps1:29 
char:3
+   & $NODE_EXE $NPM_CLI_JS 
$args
+   
~~~~~~~~~~~~~~~~~~~~~~~~~~~~~
    + CategoryInfo           
   : NotSpecified: ( [33m  
  [1mΓÜá[...d with warnin   
 gs:String) [], RemoteExc    
eption
    + FullyQualifiedErrorId  
   : NativeCommandError
 

./src/app/games/popup-manic/t
est/page.tsx
Attempted import error: 
'fetchRandomPopup' is not 
exported from '@/components/g
ames/popup-manic/popup-manic-
game' (imported as 
'fetchRandomPopup').

Import trace for requested 
module:
./src/app/games/popup-manic/t
est/page.tsx

./src/app/games/popup-manic/t
est/page.tsx
Attempted import error: 
'getMockPopup' is not 
exported from '@/components/g
ames/popup-manic/popup-manic-
game' (imported as 
'getMockPopup').

Import trace for requested 
module:
./src/app/games/popup-manic/t
est/page.tsx

./src/app/games/popup-manic/t
est/page.tsx
Attempted import error: 
'fetchRandomPopup' is not 
exported from '@/components/g
ames/popup-manic/popup-manic-
game' (imported as 
'fetchRandomPopup').

Import trace for requested 
module:
./src/app/games/popup-manic/t
est/page.tsx

./src/app/games/popup-manic/t
est/page.tsx
Attempted import error: 
'getMockPopup' is not 
exported from '@/components/g
ames/popup-manic/popup-manic-
game' (imported as 
'getMockPopup').

Import trace for requested 
module:
./src/app/games/popup-manic/t
est/page.tsx

Failed to compile.

.next/types/app/api/popup/ran
dom/route.ts:8:13
Type error: Type 
'OmitWithTag<typeof import("C
:/Users/nguye/Documents/Phish
NClick/frontend/src/app/api/p
opup/random/route"), "GET" | 
"OPTIONS" | "dynamic" | 
"HEAD" | "POST" | "PUT" | 
"DELETE" | "PATCH" | ... 7 
more ... | "maxDuration", 
"">' does not satisfy the 
constraint '{ [x: string]: 
never; }'.
  Property 'corsHeaders' is 
incompatible with index 
signature.
    Type '{ 'Access-Control-A
llow-Origin': string; 'Access
-Control-Allow-Methods': 
string; 'Access-Control-Allow
-Headers': string; }' is not 
assignable to type 'never'.

[0m [90m  6 |[39m[0m
[0m [90m  7 |[39m [90m// 
Check that the entry is a 
valid entry[39m[0m
[0m[31m[1m>[22m[39m[90m
  8 |[39m checkFields[33m<
[39m[33mDiff[39m[33m<[39m
{[0m
[0m [90m    |[39m         
    [31m[1m^[22m[39m[0m
[0m [90m  9 |[39m   [33mG
ET[39m[33m?[39m[33m:[39m
 [33mFunction[39m[0m
[0m [90m 10 |[39m   [33mH
EAD[39m[33m?[39m[33m:[39
m [33mFunction[39m[0m
[0m [90m 11 |[39m   [33mO
PTIONS[39m[33m?[39m[33m:
[39m [33mFunction[39m[0m
Next.js build worker exited 
with code: 1 and signal: null
[?25h
