src/components/games/popup-manic/popup-manic-game.tsx(5481,1): error TS1128: Declaration or statement expected.
